// Jest Snapshot v1, https://goo.gl/fbAQLP

exports[`Signup should match snapshot 1`] = `"<h2 class=\\"heading\\">Signup</h2><form class=\\"form-wrapper\\" novalidate=\\"\\"><div class=\\"input-wrapper\\"><label for=\\"email\\" class=\\"input-label\\">email</label><input type=\\"email\\" class=\\"text-input\\" id=\\"email\\"/></div><div class=\\"input-wrapper\\"><label for=\\"password\\" class=\\"input-label\\">password</label><input type=\\"password\\" class=\\"text-input\\" id=\\"password\\"/></div><div class=\\"input-wrapper\\"><label for=\\"confirmPassword\\" class=\\"input-label\\">confirm password</label><input type=\\"password\\" class=\\"text-input\\" id=\\"confirmPassword\\"/></div><input type=\\"submit\\" class=\\"action-button\\" value=\\"Create Account\\"/></form>"`;
