// Jest Snapshot v1, https://goo.gl/fbAQLP

exports[`Signup should match snapshot 1`] = `
<div
  className="input-wrapper"
>
  <label
    className="input-label"
    htmlFor="password-input"
  >
    password
  </label>
  <input
    className="text-input"
    id="password-input"
    onBlur={[Function]}
    onChange={[Function]}
    onFocus={[Function]}
    type="password"
  />
</div>
`;
